This is pdfTeX, Version 3.141592653-2.6-1.40.29 (MiKTeX 26.5) (preloaded format=pdflatex 2026.5.29)  8 OCT 2026 12:18
entering extended mode
 restricted \write18 enabled.
 %&-line parsing enabled.
**./P1_Dokumentazioa.tex
(P1_Dokumentazioa.tex
LaTeX2e <2025-11-01>
L3 programming layer <2025-12-24>
(C:\Users\ibont\AppData\Local\Programs\MiKTeX\tex/latex/base\report.cls
Document Class: report 2025/01/22 v1.4n Standard LaTeX document class
(C:\Users\ibont\AppData\Local\Programs\MiKTeX\tex/latex/base\size10.clo
File: size10.clo 2025/01/22 v1.4n Standard LaTeX file (size option)
)
\c@part=\count275
\c@chapter=\count276
\c@section=\count277
\c@subsection=\count278
\c@subsubsection=\count279
\c@paragraph=\count280
\c@subparagraph=\count281
\c@figure=\count282
\c@table=\count283
\abovecaptionskip=\skip49
\belowcaptionskip=\skip50
\bibindent=\dimen148
)
(C:\Users\ibont\AppData\Local\Programs\MiKTeX\tex/generic/babel\babel.sty
Package: babel 2026/05/20 v26.8 The multilingual framework for LuaLaTeX, pdfLaT
eX and XeLaTeX
\babel@savecnt=\count284
LaTeX Encoding Info:    Redeclaring text command \ij (encoding OT1) on input li
ne 2084.
LaTeX Encoding Info:    Redeclaring text command \IJ (encoding OT1) on input li
ne 2086.
LaTeX Encoding Info:    Redeclaring text command \ij (encoding T1) on input lin
e 2088.
LaTeX Encoding Info:    Redeclaring text command \IJ (encoding T1) on input lin
e 2089.
LaTeX Encoding Info:    Ignoring declaration for text command \ij (encoding ?) 
on input line 2090.
LaTeX Encoding Info:    Ignoring declaration for text command \IJ (encoding ?) 
on input line 2092.
LaTeX Encoding Info:    Ignoring declaration for text command \SS (encoding ?) 
on input line 2117.
\U@D=\dimen149
\l@unhyphenated=\language79

(C:\Users\ibont\AppData\Local\Programs\MiKTeX\tex/generic/babel\txtbabel.def)
\bbl@readstream=\read2
\bbl@dirlevel=\count285
Package babel Info: Configuration files are deprecated, as
(babel)             they can break document portability.
(babel)             Reported on input line 4228.

*************************************
* Local config file bblopts.cfg used
*
(C:\Users\ibont\AppData\Local\Programs\MiKTeX\tex/latex/arabi\bblopts.cfg
File: bblopts.cfg 2005/09/08 v0.1 add Arabic and Farsi to "declared" options of
 babel
)
(C:\Users\ibont\AppData\Local\Programs\MiKTeX\tex/generic/babel/locale/eu\babel
-basque.tex)
(C:\Users\ibont\AppData\Local\Programs\MiKTeX\tex/generic/babel/locale/en\babel
-english.tex)
Package babel Info: Importing font and identification data for basque
(babel)             from babel-eu.ini. Reported on input line 4356.

(C:\Users\ibont\AppData\Local\Programs\MiKTeX\tex/latex/babel-basque\basque.ldf
Language: basque 2005/03/29 v1.0f Basque support from the babel system
Package babel Info: Making " an active character on input line 85.
Warning: You are using encoding OT1 instead of T1.
Some word breaks will not be found.
)
Package babel Info: Importing font and identification data for english
(babel)             from babel-en.ini. Reported on input line 4356.

(C:\Users\ibont\AppData\Local\Programs\MiKTeX\tex/latex/babel-english\english.l
df
Language: english 2017/06/06 v3.3r English support from the babel system
Package babel Info: Hyphen rules for 'canadian' set to \l@english
(babel)             (\language0). Reported on input line 102.
Package babel Info: Hyphen rules for 'australian' set to \l@ukenglish
(babel)             (\language73). Reported on input line 105.
Package babel Info: Hyphen rules for 'newzealand' set to \l@ukenglish
(babel)             (\language73). Reported on input line 108.
))
(C:\Users\ibont\AppData\Local\Programs\MiKTeX\tex/latex/listings\listings.sty
(C:\Users\ibont\AppData\Local\Programs\MiKTeX\tex/latex/graphics\keyval.sty
Package: keyval 2022/05/29 v1.15 key=value parser (DPC)
\KV@toks@=\toks17
)
\lst@mode=\count286
\lst@gtempboxa=\box53
\lst@token=\toks18
\lst@length=\count287
\lst@currlwidth=\dimen150
\lst@column=\count288
\lst@pos=\count289
\lst@lostspace=\dimen151
\lst@width=\dimen152
\lst@newlines=\count290
\lst@lineno=\count291
\lst@maxwidth=\dimen153

(C:\Users\ibont\AppData\Local\Programs\MiKTeX\tex/latex/listings\lstpatch.sty
File: lstpatch.sty 2025/11/14 1.11b (Carsten Heinz)
)
(C:\Users\ibont\AppData\Local\Programs\MiKTeX\tex/latex/listings\lstmisc.sty
File: lstmisc.sty 2025/11/14 1.11b (Carsten Heinz)
\c@lstnumber=\count292
\lst@skipnumbers=\count293
\lst@framebox=\box54
)
(C:\Users\ibont\AppData\Local\Programs\MiKTeX\tex/latex/listings\listings.cfg
File: listings.cfg 2025/11/14 1.11b listings configuration
))
Package: listings 2025/11/14 1.11b (Carsten Heinz)
==> First Aid for listings.sty no longer applied!
    Expected:
        2024/09/23 1.10c (Carsten Heinz)
    but found:
        2025/11/14 1.11b (Carsten Heinz)
    so I'm assuming it got fixed.
(C:\Users\ibont\AppData\Local\Programs\MiKTeX\tex/latex/graphics\graphicx.sty
Package: graphicx 2024/12/31 v1.2e Enhanced LaTeX Graphics (DPC,SPQR)

(C:\Users\ibont\AppData\Local\Programs\MiKTeX\tex/latex/graphics\graphics.sty
Package: graphics 2024/08/06 v1.4g Standard LaTeX Graphics (DPC,SPQR)

(C:\Users\ibont\AppData\Local\Programs\MiKTeX\tex/latex/graphics\trig.sty
Package: trig 2023/12/02 v1.11 sin cos tan (DPC)
)
(C:\Users\ibont\AppData\Local\Programs\MiKTeX\tex/latex/graphics-cfg\graphics.c
fg
File: graphics.cfg 2016/06/04 v1.11 sample graphics configuration
)
Package graphics Info: Driver file: pdftex.def on input line 106.

(C:\Users\ibont\AppData\Local\Programs\MiKTeX\tex/latex/graphics-def\pdftex.def
File: pdftex.def 2025/09/29 v1.2d Graphics/color driver for pdftex
))
\Gin@req@height=\dimen154
\Gin@req@width=\dimen155
)
(C:\Users\ibont\AppData\Local\Programs\MiKTeX\tex/latex/fancyhdr\fancyhdr.sty
Package: fancyhdr 2025/02/07 v5.2 Extensive control of page headers and footers

\f@nch@headwidth=\skip51
\f@nch@offset@elh=\skip52
\f@nch@offset@erh=\skip53
\f@nch@offset@olh=\skip54
\f@nch@offset@orh=\skip55
\f@nch@offset@elf=\skip56
\f@nch@offset@erf=\skip57
\f@nch@offset@olf=\skip58
\f@nch@offset@orf=\skip59
\f@nch@height=\skip60
\f@nch@footalignment=\skip61
\f@nch@widthL=\skip62
\f@nch@widthC=\skip63
\f@nch@widthR=\skip64
\@temptokenb=\toks19
)
(C:\Users\ibont\AppData\Local\Programs\MiKTeX\tex/latex/caption\caption.sty
Package: caption 2023/08/05 v3.6o Customizing captions (AR)

(C:\Users\ibont\AppData\Local\Programs\MiKTeX\tex/latex/caption\caption3.sty
Package: caption3 2023/07/31 v2.4d caption3 kernel (AR)
\caption@tempdima=\dimen156
\captionmargin=\dimen157
\caption@leftmargin=\dimen158
\caption@rightmargin=\dimen159
\caption@width=\dimen160
\caption@indent=\dimen161
\caption@parindent=\dimen162
\caption@hangindent=\dimen163
Package caption Info: Standard document class detected.
)
\c@caption@flags=\count294
\c@continuedfloat=\count295
Package caption Info: listings package is loaded.
)
(C:\Users\ibont\AppData\Local\Programs\MiKTeX\tex/latex/l3backend\l3backend-pdf
tex.def
File: l3backend-pdftex.def 2025-10-09 L3 backend support: PDF output (pdfTeX)
\l__color_backend_stack_int=\count296
) (P1_Dokumentazioa.aux

LaTeX Warning: Label `tab3' multiply defined.


LaTeX Warning: Label `tab3' multiply defined.


LaTeX Warning: Label `tab3' multiply defined.

)
\openout1 = `P1_Dokumentazioa.aux'.

LaTeX Font Info:    Checking defaults for OML/cmm/m/it on input line 22.
LaTeX Font Info:    ... okay on input line 22.
LaTeX Font Info:    Checking defaults for OMS/cmsy/m/n on input line 22.
LaTeX Font Info:    ... okay on input line 22.
LaTeX Font Info:    Checking defaults for OT1/cmr/m/n on input line 22.
LaTeX Font Info:    ... okay on input line 22.
LaTeX Font Info:    Checking defaults for T1/cmr/m/n on input line 22.
LaTeX Font Info:    ... okay on input line 22.
LaTeX Font Info:    Checking defaults for TS1/cmr/m/n on input line 22.
LaTeX Font Info:    ... okay on input line 22.
LaTeX Font Info:    Checking defaults for OMX/cmex/m/n on input line 22.
LaTeX Font Info:    ... okay on input line 22.
LaTeX Font Info:    Checking defaults for U/cmr/m/n on input line 22.
LaTeX Font Info:    ... okay on input line 22.
\c@lstlisting=\count297

(C:\Users\ibont\AppData\Local\Programs\MiKTeX\tex/context/base/mkii\supp-pdf.mk
ii
[Loading MPS to PDF converter (version 2006.09.02).]
\scratchcounter=\count298
\scratchdimen=\dimen164
\scratchbox=\box55
\nofMPsegments=\count299
\nofMParguments=\count300
\everyMPshowfont=\toks20
\MPscratchCnt=\count301
\MPscratchDim=\dimen165
\MPnumerator=\count302
\makeMPintoPDFobject=\count303
\everyMPtoPDFconversion=\toks21
)
(C:\Users\ibont\AppData\Local\Programs\MiKTeX\tex/latex/epstopdf-pkg\epstopdf-b
ase.sty
Package: epstopdf-base 2020-01-24 v2.11 Base part for package epstopdf
Package epstopdf-base Info: Redefining graphics rule for `.eps' on input line 4
85.

(C:\Users\ibont\AppData\Local\Programs\MiKTeX\tex/latex/00miktex\epstopdf-sys.c
fg
File: epstopdf-sys.cfg 2021/03/18 v2.0 Configuration of epstopdf for MiKTeX
))
Package caption Info: Begin \AtBeginDocument code.
Package caption Info: End \AtBeginDocument code.
LaTeX Font Info:    External font `cmex10' loaded for size
(Font)              <12> on input line 23.
LaTeX Font Info:    External font `cmex10' loaded for size
(Font)              <8> on input line 23.
LaTeX Font Info:    External font `cmex10' loaded for size
(Font)              <6> on input line 23.
 [1

{C:/Users/ibont/AppData/Local/MiKTeX/fonts/map/pdftex/pdftex.map}]
(P1_Dokumentazioa.toc
LaTeX Font Info:    External font `cmex10' loaded for size
(Font)              <7> on input line 5.
LaTeX Font Info:    External font `cmex10' loaded for size
(Font)              <5> on input line 5.
 [1

])
\tf@toc=\write3
\openout3 = `P1_Dokumentazioa.toc'.

 [2]
Chapter 1.
[3

]
Chapter 2.
<KlaseDiagramaP1.png, id=20, 933.4875pt x 514.92375pt>
File: KlaseDiagramaP1.png Graphic file (type png)
<use KlaseDiagramaP1.png>
Package pdftex.def Info: KlaseDiagramaP1.png  used on input line 38.
(pdftex.def)             Requested size: 448.50105pt x 247.3963pt.

Overfull \hbox (103.50105pt too wide) in paragraph at lines 38--39
[][] 
 []

[4

 <./KlaseDiagramaP1.png>]
Chapter 3.
[5

]
Chapter 4.

Overfull \hbox (3.82652pt too wide) in paragraph at lines 59--60
[]\OT1/cmr/bx/n/10 Aurrebaldintza\OT1/cmr/m/n/10 : Command-Line Argument-ko ar-
gu-men-tuak hartzen ditu
 []


Overfull \hbox (38.02061pt too wide) detected at line 67
\OML/cmm/m/it/10 T\OT1/cmr/m/n/10 (\OML/cmm/m/it/10 n\OT1/cmr/m/n/10 ) = \OML/c
mm/m/it/10 t[] \OT1/cmr/m/n/10 + \OML/cmm/m/it/10 t[] \OT1/cmr/m/n/10 + \OML/cm
m/m/it/10 t[] \OT1/cmr/m/n/10 + \OML/cmm/m/it/10 t[] \OT1/cmr/m/n/10 + \OML/cmm
/m/it/10 t[] \OT1/cmr/m/n/10 + \OML/cmm/m/it/10 t[] \OT1/cmr/m/n/10 + \OML/cmm/
m/it/10 t[] \OT1/cmr/m/n/10 + \OML/cmm/m/it/10 t[] \OT1/cmr/m/n/10 + \OML/cmm/m
/it/10 t[] \OT1/cmr/m/n/10 =
 []

(C:\Users\ibont\AppData\Local\Programs\MiKTeX\tex/latex/listings\lstlang1.sty
File: lstlang1.sty 2025/11/14 1.11b listings language file
)
LaTeX Font Info:    Font shape `OT1/cmtt/bx/n' in size <9> not available
(Font)              Font shape `OT1/cmtt/m/n' tried instead on input line 78.

[6

] [7]
Overfull \hbox (4.04874pt too wide) in paragraph at lines 137--138
[]\OT1/cmr/bx/n/10 Aurrebaldintza\OT1/cmr/m/n/10 : Artx-i-boaren "Path"-a, izen
a eta ak-tore eta fil-men taulak
 []


Overfull \hbox (0.6952pt too wide) in paragraph at lines 141--142
\OT1/cmr/m/n/10 irakurri egiten da, bakoitzetik be-har-rezko in-for-mazioa lor-
tuz eta dagokion lekuak
 []

[8] [9] [10] [11] [12]
Chapter 5.
[13

] [14] [15] [16] [17] [18] [19] [20] [21] [22] [23] [24] [25] [26] [27]
[28] [29]
Chapter 6.

Overfull \hbox (62.12164pt too wide) in paragraph at lines 1160--1176
 [] 
 []


LaTeX Warning: `!h' float specifier changed to `!ht'.


Overfull \hbox (36.22122pt too wide) in paragraph at lines 1233--1233
[]\OT1/cmr/bx/n/14.4 ArrayList eta Hash taularen kon-paraketa grafikoa 
 []

<ArrayList_Hash_KonparaketaGrafikoa.png, id=113, 595.47469pt x 356.0803pt>
File: ArrayList_Hash_KonparaketaGrafikoa.png Graphic file (type png)
<use ArrayList_Hash_KonparaketaGrafikoa.png>
Package pdftex.def Info: ArrayList_Hash_KonparaketaGrafikoa.png  used on input 
line 1234.
(pdftex.def)             Requested size: 345.0pt x 206.29852pt.

Package caption Warning: \setcaptiontype
(caption)                outside box or environment on input line 1235.
See the caption package documentation for explanation.

[30

]
<QuickSortGrafikoa.png, id=120, 362.5545pt x 218.0145pt>
File: QuickSortGrafikoa.png Graphic file (type png)
<use QuickSortGrafikoa.png>
Package pdftex.def Info: QuickSortGrafikoa.png  used on input line 1262.
(pdftex.def)             Requested size: 345.0pt x 207.46852pt.


LaTeX Warning: `!h' float specifier changed to `!ht'.

[31 <./ArrayList_Hash_KonparaketaGrafikoa.png>] [32 <./QuickSortGrafikoa.png>]
(P1_Dokumentazioa.aux)
 ***********
LaTeX2e <2025-11-01>
L3 programming layer <2025-12-24>
 ***********


LaTeX Warning: There were multiply-defined labels.

 ) 
Here is how much of TeX's memory you used:
 6133 strings out of 467872
 103012 string characters out of 5418391
 903745 words of memory out of 5000000
 34984 multiletter control sequences out of 15000+600000
 635340 words of font info for 66 fonts, out of 8000000 for 9000
 1141 hyphenation exceptions out of 8191
 57i,10n,65p,387b,1756s stack positions out of 10000i,1000n,20000p,200000b,200000s
 <C:\Users\ibont\AppData\Local\MiKTeX\fonts/pk/ljfour/jknappen/ec/dpi600\tcrm
1000.pk><C:/Users/ibont/AppData/Local/Programs/MiKTeX/fonts/type1/public/amsfon
ts/cm/cmbx10.pfb><C:/Users/ibont/AppData/Local/Programs/MiKTeX/fonts/type1/publ
ic/amsfonts/cm/cmbx12.pfb><C:/Users/ibont/AppData/Local/Programs/MiKTeX/fonts/t
ype1/public/amsfonts/cm/cmbx7.pfb><C:/Users/ibont/AppData/Local/Programs/MiKTeX
/fonts/type1/public/amsfonts/cm/cmbxti10.pfb><C:/Users/ibont/AppData/Local/Prog
rams/MiKTeX/fonts/type1/public/amsfonts/cm/cmitt10.pfb><C:/Users/ibont/AppData/
Local/Programs/MiKTeX/fonts/type1/public/amsfonts/cm/cmmi10.pfb><C:/Users/ibont
/AppData/Local/Programs/MiKTeX/fonts/type1/public/amsfonts/cm/cmmi5.pfb><C:/Use
rs/ibont/AppData/Local/Programs/MiKTeX/fonts/type1/public/amsfonts/cm/cmmi7.pfb
><C:/Users/ibont/AppData/Local/Programs/MiKTeX/fonts/type1/public/amsfonts/cm/c
mr10.pfb><C:/Users/ibont/AppData/Local/Programs/MiKTeX/fonts/type1/public/amsfo
nts/cm/cmr12.pfb><C:/Users/ibont/AppData/Local/Programs/MiKTeX/fonts/type1/publ
ic/amsfonts/cm/cmr17.pfb><C:/Users/ibont/AppData/Local/Programs/MiKTeX/fonts/ty
pe1/public/amsfonts/cm/cmr7.pfb><C:/Users/ibont/AppData/Local/Programs/MiKTeX/f
onts/type1/public/amsfonts/cm/cmsy10.pfb><C:/Users/ibont/AppData/Local/Programs
/MiKTeX/fonts/type1/public/amsfonts/cm/cmti10.pfb><C:/Users/ibont/AppData/Local
/Programs/MiKTeX/fonts/type1/public/amsfonts/cm/cmtt9.pfb>
Output written on P1_Dokumentazioa.pdf (33 pages, 470781 bytes).
PDF statistics:
 195 PDF objects out of 1000 (max. 8388607)
 0 named destinations out of 1000 (max. 500000)
 16 words of extra memory for PDF output out of 10000 (max. 10000000)

